#-----------------------------------------------------------
# Vivado v2023.1 (64-bit)
# SW Build 3865809 on Sun May  7 15:04:56 MDT 2023
# IP Build 3864474 on Sun May  7 20:36:21 MDT 2023
# SharedData Build 3865790 on Sun May 07 13:33:03 MDT 2023
# Start of session at: Mon Jul 17 18:03:05 2023
# Process ID: 43953
# Current directory: /home/vittorio/GitHub/CustomCPU/IP/project/CustomCPU_v1_0_project/CustomCPU_v1_0_project.runs/block_ram_synth_1
# Command line: vivado -log block_ram.vds -product Vivado -mode batch -messageDb vivado.pb -notrace -source block_ram.tcl
# Log file: /home/vittorio/GitHub/CustomCPU/IP/project/CustomCPU_v1_0_project/CustomCPU_v1_0_project.runs/block_ram_synth_1/block_ram.vds
# Journal file: /home/vittorio/GitHub/CustomCPU/IP/project/CustomCPU_v1_0_project/CustomCPU_v1_0_project.runs/block_ram_synth_1/vivado.jou
# Running On: asus-pc, OS: Linux, CPU Frequency: 1819.756 MHz, CPU Physical cores: 2, Host memory: 8180 MB
#-----------------------------------------------------------
source block_ram.tcl -notrace
